// Jest Snapshot v1, https://goo.gl/fbAQLP

exports[`HookApp Test should render HookApp component 1`] = `
<Fragment>
  <h1>
    From HookApp
  </h1>
</Fragment>
`;
